// Jest Snapshot v1, https://goo.gl/fbAQLP

exports[`No Config Test builds the correct output with development mode 1`] = `
Object {
  "children": Array [
    Object {
      "extension": ".html",
      "name": "index.html",
      "path": "<TEMP_DIR>/_underreact-site/index.html",
      "size": 6979,
      "type": "file",
    },
    Object {
      "children": Array [
        Object {
          "children": Array [
            Object {
              "extension": ".js",
              "name": "main.chunk.js",
              "path": "<TEMP_DIR>/_underreact-site/underreact-assets/js/main.chunk.js",
              "size": 14738,
              "type": "file",
            },
            Object {
              "extension": ".map",
              "name": "main.chunk.js.map",
              "path": "<TEMP_DIR>/_underreact-site/underreact-assets/js/main.chunk.js.map",
              "size": 5243,
              "type": "file",
            },
            Object {
              "extension": ".js",
              "name": "polyfill.chunk.js",
              "path": "<TEMP_DIR>/_underreact-site/underreact-assets/js/polyfill.chunk.js",
              "size": 165776,
              "type": "file",
            },
            Object {
              "extension": ".map",
              "name": "polyfill.chunk.js.map",
              "path": "<TEMP_DIR>/_underreact-site/underreact-assets/js/polyfill.chunk.js.map",
              "size": 104706,
              "type": "file",
            },
            Object {
              "extension": ".js",
              "name": "vendor.chunk.js",
              "path": "<TEMP_DIR>/_underreact-site/underreact-assets/js/vendor.chunk.js",
              "size": 1343,
              "type": "file",
            },
            Object {
              "extension": ".map",
              "name": "vendor.chunk.js.map",
              "path": "<TEMP_DIR>/_underreact-site/underreact-assets/js/vendor.chunk.js.map",
              "size": 308,
              "type": "file",
            },
          ],
          "name": "js",
          "path": "<TEMP_DIR>/_underreact-site/underreact-assets/js",
          "size": 292114,
          "type": "directory",
        },
      ],
      "name": "underreact-assets",
      "path": "<TEMP_DIR>/_underreact-site/underreact-assets",
      "size": 292114,
      "type": "directory",
    },
  ],
  "name": "_underreact-site",
  "path": "<TEMP_DIR>/_underreact-site",
  "size": 299093,
  "type": "directory",
}
`;

exports[`No Config Test builds the correct output without any configuration 1`] = `
Object {
  "children": Array [
    Object {
      "extension": ".html",
      "name": "index.html",
      "path": "<TEMP_DIR>/_underreact-site/index.html",
      "size": 2128,
      "type": "file",
    },
    Object {
      "children": Array [
        Object {
          "children": Array [
            Object {
              "extension": ".js",
              "name": "main-08f506a338.chunk.js",
              "path": "<TEMP_DIR>/_underreact-site/underreact-assets/js/main-08f506a338.chunk.js",
              "size": 1900,
              "type": "file",
            },
            Object {
              "extension": ".map",
              "name": "main-08f506a338.chunk.js.map",
              "path": "<TEMP_DIR>/_underreact-site/underreact-assets/js/main-08f506a338.chunk.js.map",
              "size": 6421,
              "type": "file",
            },
            Object {
              "extension": ".js",
              "name": "polyfill-950edf98f0.chunk.js",
              "path": "<TEMP_DIR>/_underreact-site/underreact-assets/js/polyfill-950edf98f0.chunk.js",
              "size": 27315,
              "type": "file",
            },
            Object {
              "extension": ".map",
              "name": "polyfill-950edf98f0.chunk.js.map",
              "path": "<TEMP_DIR>/_underreact-site/underreact-assets/js/polyfill-950edf98f0.chunk.js.map",
              "size": 129624,
              "type": "file",
            },
            Object {
              "extension": ".js",
              "name": "vendor-c1fdd9c3d9.chunk.js",
              "path": "<TEMP_DIR>/_underreact-site/underreact-assets/js/vendor-c1fdd9c3d9.chunk.js",
              "size": 237,
              "type": "file",
            },
            Object {
              "extension": ".map",
              "name": "vendor-c1fdd9c3d9.chunk.js.map",
              "path": "<TEMP_DIR>/_underreact-site/underreact-assets/js/vendor-c1fdd9c3d9.chunk.js.map",
              "size": 334,
              "type": "file",
            },
          ],
          "name": "js",
          "path": "<TEMP_DIR>/_underreact-site/underreact-assets/js",
          "size": 165831,
          "type": "directory",
        },
      ],
      "name": "underreact-assets",
      "path": "<TEMP_DIR>/_underreact-site/underreact-assets",
      "size": 165831,
      "type": "directory",
    },
  ],
  "name": "_underreact-site",
  "path": "<TEMP_DIR>/_underreact-site",
  "size": 167959,
  "type": "directory",
}
`;
