// Jest Snapshot v1, https://goo.gl/fbAQLP

exports[`No Config Test builds the correct output with development mode 1`] = `
Object {
  "children": Array [
    Object {
      "extension": ".html",
      "name": "index.html",
      "path": "<TEMP_DIR>/_underreact-site/index.html",
      "size": 6983,
      "type": "file",
    },
    Object {
      "children": Array [
        Object {
          "children": Array [
            Object {
              "extension": ".js",
              "name": "main.chunk.js",
              "path": "<TEMP_DIR>/_underreact-site/underreact-assets/js/main.chunk.js",
              "size": 14738,
              "type": "file",
            },
            Object {
              "extension": ".map",
              "name": "main.chunk.js.map",
              "path": "<TEMP_DIR>/_underreact-site/underreact-assets/js/main.chunk.js.map",
              "size": 5243,
              "type": "file",
            },
            Object {
              "extension": ".js",
              "name": "polyfill.chunk.js",
              "path": "<TEMP_DIR>/_underreact-site/underreact-assets/js/polyfill.chunk.js",
              "size": 97446,
              "type": "file",
            },
            Object {
              "extension": ".map",
              "name": "polyfill.chunk.js.map",
              "path": "<TEMP_DIR>/_underreact-site/underreact-assets/js/polyfill.chunk.js.map",
              "size": 68299,
              "type": "file",
            },
            Object {
              "extension": ".js",
              "name": "vendor.chunk.js",
              "path": "<TEMP_DIR>/_underreact-site/underreact-assets/js/vendor.chunk.js",
              "size": 1343,
              "type": "file",
            },
            Object {
              "extension": ".map",
              "name": "vendor.chunk.js.map",
              "path": "<TEMP_DIR>/_underreact-site/underreact-assets/js/vendor.chunk.js.map",
              "size": 308,
              "type": "file",
            },
          ],
          "name": "js",
          "path": "<TEMP_DIR>/_underreact-site/underreact-assets/js",
          "size": 187377,
          "type": "directory",
        },
      ],
      "name": "underreact-assets",
      "path": "<TEMP_DIR>/_underreact-site/underreact-assets",
      "size": 187377,
      "type": "directory",
    },
  ],
  "name": "_underreact-site",
  "path": "<TEMP_DIR>/_underreact-site",
  "size": 194360,
  "type": "directory",
}
`;

exports[`No Config Test builds the correct output without any configuration 1`] = `
Object {
  "children": Array [
    Object {
      "extension": ".html",
      "name": "index.html",
      "path": "<TEMP_DIR>/_underreact-site/index.html",
      "size": 2132,
      "type": "file",
    },
    Object {
      "children": Array [
        Object {
          "children": Array [
            Object {
              "extension": ".js",
              "name": "main-aabe5087f0.chunk.js",
              "path": "<TEMP_DIR>/_underreact-site/underreact-assets/js/main-aabe5087f0.chunk.js",
              "size": 1897,
              "type": "file",
            },
            Object {
              "extension": ".map",
              "name": "main-aabe5087f0.chunk.js.map",
              "path": "<TEMP_DIR>/_underreact-site/underreact-assets/js/main-aabe5087f0.chunk.js.map",
              "size": 6421,
              "type": "file",
            },
            Object {
              "extension": ".js",
              "name": "polyfill-1dd8c8ea97.chunk.js",
              "path": "<TEMP_DIR>/_underreact-site/underreact-assets/js/polyfill-1dd8c8ea97.chunk.js",
              "size": 17975,
              "type": "file",
            },
            Object {
              "extension": ".map",
              "name": "polyfill-1dd8c8ea97.chunk.js.map",
              "path": "<TEMP_DIR>/_underreact-site/underreact-assets/js/polyfill-1dd8c8ea97.chunk.js.map",
              "size": 84667,
              "type": "file",
            },
            Object {
              "extension": ".js",
              "name": "vendor-921e158de5.chunk.js",
              "path": "<TEMP_DIR>/_underreact-site/underreact-assets/js/vendor-921e158de5.chunk.js",
              "size": 234,
              "type": "file",
            },
            Object {
              "extension": ".map",
              "name": "vendor-921e158de5.chunk.js.map",
              "path": "<TEMP_DIR>/_underreact-site/underreact-assets/js/vendor-921e158de5.chunk.js.map",
              "size": 334,
              "type": "file",
            },
          ],
          "name": "js",
          "path": "<TEMP_DIR>/_underreact-site/underreact-assets/js",
          "size": 111528,
          "type": "directory",
        },
      ],
      "name": "underreact-assets",
      "path": "<TEMP_DIR>/_underreact-site/underreact-assets",
      "size": 111528,
      "type": "directory",
    },
  ],
  "name": "_underreact-site",
  "path": "<TEMP_DIR>/_underreact-site",
  "size": 113660,
  "type": "directory",
}
`;
