// Jest Snapshot v1, https://goo.gl/fbAQLP

exports[`htmlCompiler polyfillScript renders correct html 1`] = `
"<script>
      var modernBrowser = (
        true
      );
      if ( !modernBrowser ) {
        var scriptElement = document.createElement('script');
        scriptElement.async = false;
        scriptElement.src = '/fakepath/polyfill-123.js';
        document.head.appendChild(scriptElement);
      }
    </script>"
`;

exports[`htmlCompiler renderCssLinks renders correct html 1`] = `
"<link rel=\\"stylesheet\\" href=\\"/fakepath/style-1.css\\">
<link rel=\\"stylesheet\\" href=\\"/fakepath/style-2.css\\">"
`;

exports[`htmlCompiler renderJsBundles renders correct html 1`] = `
"<script>uglified</script>
<script src=\\"/fakepath/main-123.js\\"></script>
<script src=\\"/fakepath/vendor-123.js\\"></script>"
`;

exports[`jsBundles outputs correct script tags 1`] = `
"<script>uglified</script>
<script src=\\"/fakepath/main-123.js\\"></script>
<script src=\\"/fakepath/vendor-123.js\\"></script>"
`;

exports[`polyfill works correctly when polyfill is switched on 1`] = `
"<script>
      var modernBrowser = (
        true
      );
      if ( !modernBrowser ) {
        var scriptElement = document.createElement('script');
        scriptElement.async = false;
        scriptElement.src = '/fakepath/polyfill-123.js';
        document.head.appendChild(scriptElement);
      }
    </script>"
`;
